// Jest Snapshot v1, https://goo.gl/fbAQLP

exports[`GistItem Component render without error GistItem method should return list item with image 1`] = `ShallowWrapper {}`;
