// Jest Snapshot v1, https://goo.gl/fbAQLP

exports[`App Component render without error App method should return single page app 1`] = `ShallowWrapper {}`;
